// Jest Snapshot v1, https://goo.gl/fbAQLP

exports[`home page render snapshot default 1`] = `ShallowWrapper {}`;
